// Jest Snapshot v1, https://goo.gl/fbAQLP

exports[`Check if render is correct 1`] = `null`;
